int(0)
int(0)
variant0(int(100))
int(1)
int(42)
int(0)
int(-1)
int(0)
variant0(
  variant0(
    variant0(variant0(variant0(variant0(variant0(variant0(int(10)))))))))
variant0(object{class=string("Failure"),object-id=int(-3)},string("str"))
variant0(
  object{class=string("Invalid_argument"),object-id=int(-4)},
  string("str"))
string(
  "a very very very very very very very long string with \0012 and \" and ' and \\")
variant0(
  variant0(string("fst"),string("snd")),
  int(2),
  double(3.000000),
  int(0))
double(3.140000)
variant0(double(2.180000),string("a"))
variant0(
  object{
    class=string("Dune__exe__ExamplesWithoutPointers.U"),
    object-id=int(11)},
  object{
    class=string("Dune__exe__ExamplesWithoutPointers.D"),
    object-id=int(9)})
variant0(
  object{
    class=string("Dune__exe__ExamplesWithoutPointers.U"),
    object-id=int(11)},
  variant0(
    object{
      class=string("Dune__exe__ExamplesWithoutPointers.E"),
      object-id=int(10)},
    int(10)))
forward(int(3))
forcing(<0x1>)
variant0(int(1),int(2),int(3))
double_array(1.,2.,3.)
variant0(int(1),variant0(int(2),variant0(int(3),int(0))))
